PREHOOK: query: with t2 as (
  select array(1,2) as c1
  union all
  select array(2,3) as c1
)
select collect_list(c1) from t2
PREHOOK: type: QUERY
PREHOOK: Input: _dummy_database@_dummy_table
#### A masked pattern was here ####
POSTHOOK: query: with t2 as (
  select array(1,2) as c1
  union all
  select array(2,3) as c1
)
select collect_list(c1) from t2
POSTHOOK: type: QUERY
POSTHOOK: Input: _dummy_database@_dummy_table
#### A masked pattern was here ####
[[1,2],[2,3]]
PREHOOK: query: create table t1 as (
  select array(1,2) as c1
  union all
  select array(2,3) as c1
)
PREHOOK: type: CREATETABLE_AS_SELECT
PREHOOK: Input: _dummy_database@_dummy_table
PREHOOK: Output: database:default
PREHOOK: Output: default@t1
POSTHOOK: query: create table t1 as (
  select array(1,2) as c1
  union all
  select array(2,3) as c1
)
POSTHOOK: type: CREATETABLE_AS_SELECT
POSTHOOK: Input: _dummy_database@_dummy_table
POSTHOOK: Output: database:default
POSTHOOK: Output: default@t1
POSTHOOK: Lineage: t1.c1 EXPRESSION []
PREHOOK: query: select collect_list(c1) from t1
PREHOOK: type: QUERY
PREHOOK: Input: default@t1
#### A masked pattern was here ####
POSTHOOK: query: select collect_list(c1) from t1
POSTHOOK: type: QUERY
POSTHOOK: Input: default@t1
#### A masked pattern was here ####
[[1,2],[2,3]]
