PREHOOK: query: DESCRIBE FUNCTION logged_in_user
PREHOOK: type: DESCFUNCTION
POSTHOOK: query: DESCRIBE FUNCTION logged_in_user
POSTHOOK: type: DESCFUNCTION
logged_in_user() - Returns logged in user name
PREHOOK: query: DESCRIBE FUNCTION EXTENDED logged_in_user
PREHOOK: type: DESCFUNCTION
POSTHOOK: query: DESCRIBE FUNCTION EXTENDED logged_in_user
POSTHOOK: type: DESCFUNCTION
logged_in_user() - Returns logged in user name
SessionState GetUserName - the username provided at session initialization
Function class:org.apache.hadoop.hive.ql.udf.generic.GenericUDFLoggedInUser
Function type:BUILTIN
